{
  "status": "PASS",
  "wave": 2,
  "gui": true,
  "initial_entities": [
    "campus_buildings",
    "courtyard",
    "demo_apron",
    "landing_pads",
    "landscaping",
    "pergola",
    "static_sphere",
    "uav_1",
    "uav_2",
    "um6p_landmark"
  ],
  "pause_check": "PASS",
  "midflight_state": {
    "tick": 1783,
    "sim_time": 35.66,
    "paused": true,
    "wave": 2,
    "status": "RUNNING",
    "poses": [
      [
        -2.0843073331682884,
        -31.967826594436445,
        2.8
      ],
      [
        2.2316128918344216,
        -31.759677435451678,
        2.8
      ]
    ],
    "distances": [
      4.320936641629163,
      10.211733646930554,
      10.040368506338114
    ],
    "phases": [
      "BYPASS",
      "YIELD"
    ],
    "yield_ticks": 15,
    "rejected_ticks": 0,
    "reason": ""
  },
  "completed_state": {
    "tick": 2773,
    "sim_time": 55.46,
    "paused": false,
    "wave": 2,
    "status": "COMPLETE",
    "poses": [
      [
        3.6,
        -40,
        0.12
      ],
      [
        -3.6,
        -40,
        0.12
      ]
    ],
    "distances": [
      7.2,
      18.456608572541164,
      18.456608572541164
    ],
    "phases": [
      "LANDED",
      "LANDED"
    ],
    "yield_ticks": 253,
    "rejected_ticks": 0,
    "reason": ""
  },
  "telemetry_distances": "PASS",
  "final_render_poses": {
    "uav_1": [
      3.6,
      -40.0,
      0.12
    ],
    "uav_2": [
      -3.6,
      -40.0,
      0.12
    ]
  },
  "ros_clock_max": 55.46,
  "ros_messages": 1698,
  "exit_code": 0,
  "simultaneous_takeoff_tick": 150,
  "yield_interval_ticks": [
    1769,
    2065
  ],
  "geometry_check": {
    "status": "PASS",
    "radius_bound": 1.2,
    "measured_radii": {
      "uav_1": 1.1362601394737915,
      "uav_2": 1.1362601394737915
    },
    "scenery_triangles_inspected": 23432,
    "near_corridor_triangle_boxes": 0,
    "min_body_center_to_scenery_box": null,
    "corridor_clear_by_broadphase": true,
    "ground_check": "minimum vertex z = model z + .005; z>=.12, pads top .12; paving top 0",
    "scope": "fixed geometry; sphere/inter-UAV checked separately; conservative triangle-AABB distance"
  },
  "trace_rows": 7381,
  "min_pair": 3.5107824815430746,
  "min_ball": 5.651336125200836
}
